// Jest Snapshot v1, https://goo.gl/fbAQLP

exports[`Should render AuctionPriceTrack component correctly 1`] = `
<div
  className="main"
>
  <realmSelection
    handleRealmPicked={[Function]}
    loading={false}
  />
  <Divider />
  <Connect(MainList)
    handleItemLanguageChange={undefined}
    itemLanguage={undefined}
  />
  <Divider />
  <h3>
    Veuillez selectionner un serveur
  </h3>
</div>
`;
